// Jest Snapshot v1, https://goo.gl/fbAQLP

exports[`OpeningText should match the snapshot 1`] = `
ShallowWrapper {
  "length": 1,
  Symbol(enzyme.__root__): [Circular],
  Symbol(enzyme.__unrendered__): <OpeningText
    openingText={
        Object {
            "crawl": "The super long intro...",
            "episode": 4,
            "title": "Return of the Jedi",
            "year": "04/15/1990",
          }
    }
/>,
  Symbol(enzyme.__renderer__): Object {
    "batchedUpdates": [Function],
    "getNode": [Function],
    "render": [Function],
    "simulateEvent": [Function],
    "unmount": [Function],
  },
  Symbol(enzyme.__node__): Object {
    "instance": null,
    "key": undefined,
    "nodeType": "host",
    "props": Object {
      "children": Array [
        <h1>
          Episode 
          4
</h1>,
        <h2>
          The super long intro...
</h2>,
        <p>
          Return of the Jedi
           - 
          04/15/1990
</p>,
      ],
    },
    "ref": null,
    "rendered": Array [
      Object {
        "instance": null,
        "key": undefined,
        "nodeType": "host",
        "props": Object {
          "children": Array [
            "Episode ",
            4,
          ],
        },
        "ref": null,
        "rendered": Array [
          "Episode ",
          4,
        ],
        "type": "h1",
      },
      Object {
        "instance": null,
        "key": undefined,
        "nodeType": "host",
        "props": Object {
          "children": "The super long intro...",
        },
        "ref": null,
        "rendered": "The super long intro...",
        "type": "h2",
      },
      Object {
        "instance": null,
        "key": undefined,
        "nodeType": "host",
        "props": Object {
          "children": Array [
            "Return of the Jedi",
            " - ",
            "04/15/1990",
          ],
        },
        "ref": null,
        "rendered": Array [
          "Return of the Jedi",
          " - ",
          "04/15/1990",
        ],
        "type": "p",
      },
    ],
    "type": "div",
  },
  Symbol(enzyme.__nodes__): Array [
    Object {
      "instance": null,
      "key": undefined,
      "nodeType": "host",
      "props": Object {
        "children": Array [
          <h1>
            Episode 
            4
</h1>,
          <h2>
            The super long intro...
</h2>,
          <p>
            Return of the Jedi
             - 
            04/15/1990
</p>,
        ],
      },
      "ref": null,
      "rendered": Array [
        Object {
          "instance": null,
          "key": undefined,
          "nodeType": "host",
          "props": Object {
            "children": Array [
              "Episode ",
              4,
            ],
          },
          "ref": null,
          "rendered": Array [
            "Episode ",
            4,
          ],
          "type": "h1",
        },
        Object {
          "instance": null,
          "key": undefined,
          "nodeType": "host",
          "props": Object {
            "children": "The super long intro...",
          },
          "ref": null,
          "rendered": "The super long intro...",
          "type": "h2",
        },
        Object {
          "instance": null,
          "key": undefined,
          "nodeType": "host",
          "props": Object {
            "children": Array [
              "Return of the Jedi",
              " - ",
              "04/15/1990",
            ],
          },
          "ref": null,
          "rendered": Array [
            "Return of the Jedi",
            " - ",
            "04/15/1990",
          ],
          "type": "p",
        },
      ],
      "type": "div",
    },
  ],
  Symbol(enzyme.__options__): Object {
    "adapter": ReactSixteenAdapter {
      "options": Object {
        "enableComponentDidUpdateOnSetState": true,
      },
    },
  },
}
`;
