// Jest Snapshot v1, https://goo.gl/fbAQLP

exports[`OpeningText should match the snapshot 1`] = `
ShallowWrapper {
  "length": 1,
  Symbol(enzyme.__root__): [Circular],
  Symbol(enzyme.__unrendered__): <OpeningText
    openingText={
        Object {
            "crawl": "The super long intro...",
            "episode": 4,
            "title": "Return of the Jedi",
            "year": "04/15/1990",
          }
    }
/>,
  Symbol(enzyme.__renderer__): Object {
    "batchedUpdates": [Function],
    "getNode": [Function],
    "render": [Function],
    "simulateEvent": [Function],
    "unmount": [Function],
  },
  Symbol(enzyme.__node__): Object {
    "instance": null,
    "key": undefined,
    "nodeType": "host",
    "props": Object {
      "children": <div
        className="OpeningText"
>
        <div
                className="crawl"
        >
                <div
                        className="title"
                >
                        <p>
                                Episode 
                                4
                        </p>
                        <h1>
                                Return of the Jedi
                        </h1>
                </div>
                <h2>
                        The super long intro...
                </h2>
                <h2>
                        04/15/1990
                </h2>
        </div>
</div>,
      "className": "fade",
    },
    "ref": null,
    "rendered": Object {
      "instance": null,
      "key": undefined,
      "nodeType": "host",
      "props": Object {
        "children": <div
          className="crawl"
>
          <div
                    className="title"
          >
                    <p>
                              Episode 
                              4
                    </p>
                    <h1>
                              Return of the Jedi
                    </h1>
          </div>
          <h2>
                    The super long intro...
          </h2>
          <h2>
                    04/15/1990
          </h2>
</div>,
        "className": "OpeningText",
      },
      "ref": null,
      "rendered": Object {
        "instance": null,
        "key": undefined,
        "nodeType": "host",
        "props": Object {
          "children": Array [
            <div
              className="title"
>
              <p>
                            Episode 
                            4
              </p>
              <h1>
                            Return of the Jedi
              </h1>
</div>,
            <h2>
              The super long intro...
</h2>,
            <h2>
              04/15/1990
</h2>,
          ],
          "className": "crawl",
        },
        "ref": null,
        "rendered": Array [
          Object {
            "instance": null,
            "key": undefined,
            "nodeType": "host",
            "props": Object {
              "children": Array [
                <p>
                  Episode 
                  4
</p>,
                <h1>
                  Return of the Jedi
</h1>,
              ],
              "className": "title",
            },
            "ref": null,
            "rendered": Array [
              Object {
                "instance": null,
                "key": undefined,
                "nodeType": "host",
                "props": Object {
                  "children": Array [
                    "Episode ",
                    4,
                  ],
                },
                "ref": null,
                "rendered": Array [
                  "Episode ",
                  4,
                ],
                "type": "p",
              },
              Object {
                "instance": null,
                "key": undefined,
                "nodeType": "host",
                "props": Object {
                  "children": "Return of the Jedi",
                },
                "ref": null,
                "rendered": "Return of the Jedi",
                "type": "h1",
              },
            ],
            "type": "div",
          },
          Object {
            "instance": null,
            "key": undefined,
            "nodeType": "host",
            "props": Object {
              "children": "The super long intro...",
            },
            "ref": null,
            "rendered": "The super long intro...",
            "type": "h2",
          },
          Object {
            "instance": null,
            "key": undefined,
            "nodeType": "host",
            "props": Object {
              "children": "04/15/1990",
            },
            "ref": null,
            "rendered": "04/15/1990",
            "type": "h2",
          },
        ],
        "type": "div",
      },
      "type": "div",
    },
    "type": "div",
  },
  Symbol(enzyme.__nodes__): Array [
    Object {
      "instance": null,
      "key": undefined,
      "nodeType": "host",
      "props": Object {
        "children": <div
          className="OpeningText"
>
          <div
                    className="crawl"
          >
                    <div
                              className="title"
                    >
                              <p>
                                        Episode 
                                        4
                              </p>
                              <h1>
                                        Return of the Jedi
                              </h1>
                    </div>
                    <h2>
                              The super long intro...
                    </h2>
                    <h2>
                              04/15/1990
                    </h2>
          </div>
</div>,
        "className": "fade",
      },
      "ref": null,
      "rendered": Object {
        "instance": null,
        "key": undefined,
        "nodeType": "host",
        "props": Object {
          "children": <div
            className="crawl"
>
            <div
                        className="title"
            >
                        <p>
                                    Episode 
                                    4
                        </p>
                        <h1>
                                    Return of the Jedi
                        </h1>
            </div>
            <h2>
                        The super long intro...
            </h2>
            <h2>
                        04/15/1990
            </h2>
</div>,
          "className": "OpeningText",
        },
        "ref": null,
        "rendered": Object {
          "instance": null,
          "key": undefined,
          "nodeType": "host",
          "props": Object {
            "children": Array [
              <div
                className="title"
>
                <p>
                                Episode 
                                4
                </p>
                <h1>
                                Return of the Jedi
                </h1>
</div>,
              <h2>
                The super long intro...
</h2>,
              <h2>
                04/15/1990
</h2>,
            ],
            "className": "crawl",
          },
          "ref": null,
          "rendered": Array [
            Object {
              "instance": null,
              "key": undefined,
              "nodeType": "host",
              "props": Object {
                "children": Array [
                  <p>
                    Episode 
                    4
</p>,
                  <h1>
                    Return of the Jedi
</h1>,
                ],
                "className": "title",
              },
              "ref": null,
              "rendered": Array [
                Object {
                  "instance": null,
                  "key": undefined,
                  "nodeType": "host",
                  "props": Object {
                    "children": Array [
                      "Episode ",
                      4,
                    ],
                  },
                  "ref": null,
                  "rendered": Array [
                    "Episode ",
                    4,
                  ],
                  "type": "p",
                },
                Object {
                  "instance": null,
                  "key": undefined,
                  "nodeType": "host",
                  "props": Object {
                    "children": "Return of the Jedi",
                  },
                  "ref": null,
                  "rendered": "Return of the Jedi",
                  "type": "h1",
                },
              ],
              "type": "div",
            },
            Object {
              "instance": null,
              "key": undefined,
              "nodeType": "host",
              "props": Object {
                "children": "The super long intro...",
              },
              "ref": null,
              "rendered": "The super long intro...",
              "type": "h2",
            },
            Object {
              "instance": null,
              "key": undefined,
              "nodeType": "host",
              "props": Object {
                "children": "04/15/1990",
              },
              "ref": null,
              "rendered": "04/15/1990",
              "type": "h2",
            },
          ],
          "type": "div",
        },
        "type": "div",
      },
      "type": "div",
    },
  ],
  Symbol(enzyme.__options__): Object {
    "adapter": ReactSixteenAdapter {
      "options": Object {
        "enableComponentDidUpdateOnSetState": true,
      },
    },
  },
}
`;
