// Jest Snapshot v1, https://goo.gl/fbAQLP

exports[`PageTurn Should match the snapshot 1`] = `
ShallowWrapper {
  "length": 1,
  Symbol(enzyme.__root__): [Circular],
  Symbol(enzyme.__unrendered__): <PageTurn
    nextOrPrev={[Function]}
/>,
  Symbol(enzyme.__renderer__): Object {
    "batchedUpdates": [Function],
    "getNode": [Function],
    "render": [Function],
    "simulateEvent": [Function],
    "unmount": [Function],
  },
  Symbol(enzyme.__node__): Object {
    "instance": null,
    "key": undefined,
    "nodeType": "host",
    "props": Object {
      "children": Array [
        <button
          name="previous"
          onClick={[Function]}
>
          Last 10
</button>,
        <button
          name="next"
          onClick={[Function]}
>
          Next 10
</button>,
      ],
      "className": "PageTurn",
    },
    "ref": null,
    "rendered": Array [
      Object {
        "instance": null,
        "key": undefined,
        "nodeType": "host",
        "props": Object {
          "children": "Last 10",
          "name": "previous",
          "onClick": [Function],
        },
        "ref": null,
        "rendered": "Last 10",
        "type": "button",
      },
      Object {
        "instance": null,
        "key": undefined,
        "nodeType": "host",
        "props": Object {
          "children": "Next 10",
          "name": "next",
          "onClick": [Function],
        },
        "ref": null,
        "rendered": "Next 10",
        "type": "button",
      },
    ],
    "type": "div",
  },
  Symbol(enzyme.__nodes__): Array [
    Object {
      "instance": null,
      "key": undefined,
      "nodeType": "host",
      "props": Object {
        "children": Array [
          <button
            name="previous"
            onClick={[Function]}
>
            Last 10
</button>,
          <button
            name="next"
            onClick={[Function]}
>
            Next 10
</button>,
        ],
        "className": "PageTurn",
      },
      "ref": null,
      "rendered": Array [
        Object {
          "instance": null,
          "key": undefined,
          "nodeType": "host",
          "props": Object {
            "children": "Last 10",
            "name": "previous",
            "onClick": [Function],
          },
          "ref": null,
          "rendered": "Last 10",
          "type": "button",
        },
        Object {
          "instance": null,
          "key": undefined,
          "nodeType": "host",
          "props": Object {
            "children": "Next 10",
            "name": "next",
            "onClick": [Function],
          },
          "ref": null,
          "rendered": "Next 10",
          "type": "button",
        },
      ],
      "type": "div",
    },
  ],
  Symbol(enzyme.__options__): Object {
    "adapter": ReactSixteenAdapter {
      "options": Object {
        "enableComponentDidUpdateOnSetState": true,
      },
    },
  },
}
`;
